[1.147s] DEBUG:colcon:Command line arguments: ['/usr/bin/colcon', 'build', '--symlink-install']
[1.147s] DEBUG:colcon:Parsed command line arguments: Namespace(log_base=None, log_level=None, verb_name='build', build_base='build', install_base='install', merge_install=False, symlink_install=True, test_result_base=None, continue_on_error=False, executor='parallel', parallel_workers=12, event_handlers=None, ignore_user_meta=False, metas=['./colcon.meta'], base_paths=['.'], packages_ignore=None, packages_ignore_regex=None, paths=None, packages_up_to=None, packages_up_to_regex=None, packages_above=None, packages_above_and_dependencies=None, packages_above_depth=None, packages_select_by_dep=None, packages_skip_by_dep=None, packages_skip_up_to=None, packages_select_build_failed=False, packages_skip_build_finished=False, packages_select_test_failures=False, packages_skip_test_passed=False, packages_select=None, packages_skip=None, packages_select_regex=None, packages_skip_regex=None, packages_start=None, packages_end=None, allow_overriding=[], cmake_args=None, cmake_target=None, cmake_target_skip_unavailable=False, cmake_clean_cache=False, cmake_clean_first=False, cmake_force_configure=False, ament_cmake_args=None, catkin_cmake_args=None, catkin_skip_building_tests=False, mixin_files=None, mixin=None, verb_parser=<colcon_mixin.mixin.mixin_argument.MixinArgumentDecorator object at 0x7264f7a5df00>, verb_extension=<colcon_core.verb.build.BuildVerb object at 0x7264f7a5d900>, main=<bound method BuildVerb.main of <colcon_core.verb.build.BuildVerb object at 0x7264f7a5d900>>, mixin_verb=('build',))
[1.801s] Level 1:colcon.colcon_core.package_discovery:discover_packages(colcon_meta) check parameters
[1.801s] Level 1:colcon.colcon_core.package_discovery:discover_packages(recursive) check parameters
[1.801s] Level 1:colcon.colcon_core.package_discovery:discover_packages(ignore) check parameters
[1.802s] Level 1:colcon.colcon_core.package_discovery:discover_packages(path) check parameters
[1.802s] Level 1:colcon.colcon_core.package_discovery:discover_packages(colcon_meta) discover
[1.802s] Level 1:colcon.colcon_core.package_discovery:discover_packages(recursive) discover
[1.802s] INFO:colcon.colcon_core.package_discovery:Crawling recursively for packages in '/home/riasathasan/Recruitment-task'
[1.802s] Level 1:colcon.colcon_core.package_identification:_identify(.) by extensions ['ignore', 'ignore_ament_install']
[1.803s] Level 1:colcon.colcon_core.package_identification:_identify(.) by extension 'ignore'
[1.803s] Level 1:colcon.colcon_core.package_identification:_identify(.) by extension 'ignore_ament_install'
[1.803s] Level 1:colcon.colcon_core.package_identification:_identify(.) by extensions ['colcon_pkg']
[1.803s] Level 1:colcon.colcon_core.package_identification:_identify(.) by extension 'colcon_pkg'
[1.803s] Level 1:colcon.colcon_core.package_identification:_identify(.) by extensions ['colcon_meta']
[1.803s] Level 1:colcon.colcon_core.package_identification:_identify(.) by extension 'colcon_meta'
[1.803s] Level 1:colcon.colcon_core.package_identification:_identify(.) by extensions ['ros']
[1.803s] Level 1:colcon.colcon_core.package_identification:_identify(.) by extension 'ros'
[1.832s] Level 1:colcon.colcon_core.package_identification:_identify(.) by extensions ['cmake', 'python']
[1.832s] Level 1:colcon.colcon_core.package_identification:_identify(.) by extension 'cmake'
[1.832s] Level 1:colcon.colcon_core.package_identification:_identify(.) by extension 'python'
[1.832s] Level 1:colcon.colcon_core.package_identification:_identify(.) by extensions ['python_setup_py']
[1.833s] Level 1:colcon.colcon_core.package_identification:_identify(.) by extension 'python_setup_py'
[1.833s] Level 1:colcon.colcon_core.package_identification:_identify(build) by extensions ['ignore', 'ignore_ament_install']
[1.833s] Level 1:colcon.colcon_core.package_identification:_identify(build) by extension 'ignore'
[1.833s] Level 1:colcon.colcon_core.package_identification:_identify(build) ignored
[1.833s] Level 1:colcon.colcon_core.package_identification:_identify(docker) by extensions ['ignore', 'ignore_ament_install']
[1.833s] Level 1:colcon.colcon_core.package_identification:_identify(docker) by extension 'ignore'
[1.833s] Level 1:colcon.colcon_core.package_identification:_identify(docker) by extension 'ignore_ament_install'
[1.833s] Level 1:colcon.colcon_core.package_identification:_identify(docker) by extensions ['colcon_pkg']
[1.833s] Level 1:colcon.colcon_core.package_identification:_identify(docker) by extension 'colcon_pkg'
[1.833s] Level 1:colcon.colcon_core.package_identification:_identify(docker) by extensions ['colcon_meta']
[1.833s] Level 1:colcon.colcon_core.package_identification:_identify(docker) by extension 'colcon_meta'
[1.834s] Level 1:colcon.colcon_core.package_identification:_identify(docker) by extensions ['ros']
[1.834s] Level 1:colcon.colcon_core.package_identification:_identify(docker) by extension 'ros'
[1.834s] Level 1:colcon.colcon_core.package_identification:_identify(docker) by extensions ['cmake', 'python']
[1.834s] Level 1:colcon.colcon_core.package_identification:_identify(docker) by extension 'cmake'
[1.834s] Level 1:colcon.colcon_core.package_identification:_identify(docker) by extension 'python'
[1.834s] Level 1:colcon.colcon_core.package_identification:_identify(docker) by extensions ['python_setup_py']
[1.834s] Level 1:colcon.colcon_core.package_identification:_identify(docker) by extension 'python_setup_py'
[1.835s] Level 1:colcon.colcon_core.package_identification:_identify(guidelines) by extensions ['ignore', 'ignore_ament_install']
[1.835s] Level 1:colcon.colcon_core.package_identification:_identify(guidelines) by extension 'ignore'
[1.835s] Level 1:colcon.colcon_core.package_identification:_identify(guidelines) by extension 'ignore_ament_install'
[1.835s] Level 1:colcon.colcon_core.package_identification:_identify(guidelines) by extensions ['colcon_pkg']
[1.835s] Level 1:colcon.colcon_core.package_identification:_identify(guidelines) by extension 'colcon_pkg'
[1.835s] Level 1:colcon.colcon_core.package_identification:_identify(guidelines) by extensions ['colcon_meta']
[1.835s] Level 1:colcon.colcon_core.package_identification:_identify(guidelines) by extension 'colcon_meta'
[1.836s] Level 1:colcon.colcon_core.package_identification:_identify(guidelines) by extensions ['ros']
[1.836s] Level 1:colcon.colcon_core.package_identification:_identify(guidelines) by extension 'ros'
[1.836s] Level 1:colcon.colcon_core.package_identification:_identify(guidelines) by extensions ['cmake', 'python']
[1.836s] Level 1:colcon.colcon_core.package_identification:_identify(guidelines) by extension 'cmake'
[1.836s] Level 1:colcon.colcon_core.package_identification:_identify(guidelines) by extension 'python'
[1.836s] Level 1:colcon.colcon_core.package_identification:_identify(guidelines) by extensions ['python_setup_py']
[1.836s] Level 1:colcon.colcon_core.package_identification:_identify(guidelines) by extension 'python_setup_py'
[1.836s] Level 1:colcon.colcon_core.package_identification:_identify(install) by extensions ['ignore', 'ignore_ament_install']
[1.836s] Level 1:colcon.colcon_core.package_identification:_identify(install) by extension 'ignore'
[1.836s] Level 1:colcon.colcon_core.package_identification:_identify(install) ignored
[1.836s] Level 1:colcon.colcon_core.package_identification:_identify(log) by extensions ['ignore', 'ignore_ament_install']
[1.837s] Level 1:colcon.colcon_core.package_identification:_identify(log) by extension 'ignore'
[1.837s] Level 1:colcon.colcon_core.package_identification:_identify(log) ignored
[1.837s] Level 1:colcon.colcon_core.package_identification:_identify(slam_config) by extensions ['ignore', 'ignore_ament_install']
[1.837s] Level 1:colcon.colcon_core.package_identification:_identify(slam_config) by extension 'ignore'
[1.837s] Level 1:colcon.colcon_core.package_identification:_identify(slam_config) by extension 'ignore_ament_install'
[1.837s] Level 1:colcon.colcon_core.package_identification:_identify(slam_config) by extensions ['colcon_pkg']
[1.837s] Level 1:colcon.colcon_core.package_identification:_identify(slam_config) by extension 'colcon_pkg'
[1.837s] Level 1:colcon.colcon_core.package_identification:_identify(slam_config) by extensions ['colcon_meta']
[1.837s] Level 1:colcon.colcon_core.package_identification:_identify(slam_config) by extension 'colcon_meta'
[1.837s] Level 1:colcon.colcon_core.package_identification:_identify(slam_config) by extensions ['ros']
[1.837s] Level 1:colcon.colcon_core.package_identification:_identify(slam_config) by extension 'ros'
[1.837s] Level 1:colcon.colcon_core.package_identification:_identify(slam_config) by extensions ['cmake', 'python']
[1.837s] Level 1:colcon.colcon_core.package_identification:_identify(slam_config) by extension 'cmake'
[1.837s] Level 1:colcon.colcon_core.package_identification:_identify(slam_config) by extension 'python'
[1.838s] Level 1:colcon.colcon_core.package_identification:_identify(slam_config) by extensions ['python_setup_py']
[1.838s] Level 1:colcon.colcon_core.package_identification:_identify(slam_config) by extension 'python_setup_py'
[1.838s] Level 1:colcon.colcon_core.package_identification:_identify(src) by extensions ['ignore', 'ignore_ament_install']
[1.838s] Level 1:colcon.colcon_core.package_identification:_identify(src) by extension 'ignore'
[1.838s] Level 1:colcon.colcon_core.package_identification:_identify(src) by extension 'ignore_ament_install'
[1.838s] Level 1:colcon.colcon_core.package_identification:_identify(src) by extensions ['colcon_pkg']
[1.838s] Level 1:colcon.colcon_core.package_identification:_identify(src) by extension 'colcon_pkg'
[1.838s] Level 1:colcon.colcon_core.package_identification:_identify(src) by extensions ['colcon_meta']
[1.838s] Level 1:colcon.colcon_core.package_identification:_identify(src) by extension 'colcon_meta'
[1.838s] Level 1:colcon.colcon_core.package_identification:_identify(src) by extensions ['ros']
[1.838s] Level 1:colcon.colcon_core.package_identification:_identify(src) by extension 'ros'
[1.838s] Level 1:colcon.colcon_core.package_identification:_identify(src) by extensions ['cmake', 'python']
[1.838s] Level 1:colcon.colcon_core.package_identification:_identify(src) by extension 'cmake'
[1.838s] Level 1:colcon.colcon_core.package_identification:_identify(src) by extension 'python'
[1.838s] Level 1:colcon.colcon_core.package_identification:_identify(src) by extensions ['python_setup_py']
[1.838s] Level 1:colcon.colcon_core.package_identification:_identify(src) by extension 'python_setup_py'
[1.838s] Level 1:colcon.colcon_core.package_identification:_identify(src/questions) by extensions ['ignore', 'ignore_ament_install']
[1.838s] Level 1:colcon.colcon_core.package_identification:_identify(src/questions) by extension 'ignore'
[1.839s] Level 1:colcon.colcon_core.package_identification:_identify(src/questions) by extension 'ignore_ament_install'
[1.839s] Level 1:colcon.colcon_core.package_identification:_identify(src/questions) by extensions ['colcon_pkg']
[1.839s] Level 1:colcon.colcon_core.package_identification:_identify(src/questions) by extension 'colcon_pkg'
[1.839s] Level 1:colcon.colcon_core.package_identification:_identify(src/questions) by extensions ['colcon_meta']
[1.839s] Level 1:colcon.colcon_core.package_identification:_identify(src/questions) by extension 'colcon_meta'
[1.839s] Level 1:colcon.colcon_core.package_identification:_identify(src/questions) by extensions ['ros']
[1.839s] Level 1:colcon.colcon_core.package_identification:_identify(src/questions) by extension 'ros'
[1.861s] DEBUG:colcon.colcon_core.package_identification:Package 'src/questions' with type 'ros.ament_python' and name 'questions'
[1.861s] Level 1:colcon.colcon_core.package_discovery:discover_packages(recursive) using defaults
[1.861s] Level 1:colcon.colcon_core.package_discovery:discover_packages(ignore) discover
[1.861s] Level 1:colcon.colcon_core.package_discovery:discover_packages(ignore) using defaults
[1.861s] Level 1:colcon.colcon_core.package_discovery:discover_packages(path) discover
[1.861s] Level 1:colcon.colcon_core.package_discovery:discover_packages(path) using defaults
[1.964s] Level 1:colcon.colcon_core.package_discovery:discover_packages(prefix_path) check parameters
[1.964s] Level 1:colcon.colcon_core.package_discovery:discover_packages(prefix_path) discover
[1.973s] DEBUG:colcon.colcon_installed_package_information.package_discovery:Found 393 installed packages in /opt/ros/humble
[1.974s] Level 1:colcon.colcon_core.package_discovery:discover_packages(prefix_path) using defaults
[2.068s] Level 5:colcon.colcon_core.verb:set package 'questions' build argument 'cmake_args' from command line to 'None'
[2.068s] Level 5:colcon.colcon_core.verb:set package 'questions' build argument 'cmake_target' from command line to 'None'
[2.068s] Level 5:colcon.colcon_core.verb:set package 'questions' build argument 'cmake_target_skip_unavailable' from command line to 'False'
[2.068s] Level 5:colcon.colcon_core.verb:set package 'questions' build argument 'cmake_clean_cache' from command line to 'False'
[2.068s] Level 5:colcon.colcon_core.verb:set package 'questions' build argument 'cmake_clean_first' from command line to 'False'
[2.068s] Level 5:colcon.colcon_core.verb:set package 'questions' build argument 'cmake_force_configure' from command line to 'False'
[2.068s] Level 5:colcon.colcon_core.verb:set package 'questions' build argument 'ament_cmake_args' from command line to 'None'
[2.068s] Level 5:colcon.colcon_core.verb:set package 'questions' build argument 'catkin_cmake_args' from command line to 'None'
[2.068s] Level 5:colcon.colcon_core.verb:set package 'questions' build argument 'catkin_skip_building_tests' from command line to 'False'
[2.068s] DEBUG:colcon.colcon_core.verb:Building package 'questions' with the following arguments: {'ament_cmake_args': None, 'build_base': '/home/riasathasan/Recruitment-task/build/questions', 'catkin_cmake_args': None, 'catkin_skip_building_tests': False, 'cmake_args': None, 'cmake_clean_cache': False, 'cmake_clean_first': False, 'cmake_force_configure': False, 'cmake_target': None, 'cmake_target_skip_unavailable': False, 'install_base': '/home/riasathasan/Recruitment-task/install/questions', 'merge_install': False, 'path': '/home/riasathasan/Recruitment-task/src/questions', 'symlink_install': True, 'test_result_base': None}
[2.069s] INFO:colcon.colcon_core.executor:Executing jobs using 'parallel' executor
[2.070s] DEBUG:colcon.colcon_parallel_executor.executor.parallel:run_until_complete
[2.070s] INFO:colcon.colcon_ros.task.ament_python.build:Building ROS package in '/home/riasathasan/Recruitment-task/src/questions' with build type 'ament_python'
[2.071s] Level 1:colcon.colcon_core.shell:create_environment_hook('questions', 'ament_prefix_path')
[2.081s] INFO:colcon.colcon_core.plugin_system:Skipping extension 'colcon_core.shell.bat': Not used on non-Windows systems
[2.081s] INFO:colcon.colcon_core.shell:Creating environment hook '/home/riasathasan/Recruitment-task/install/questions/share/questions/hook/ament_prefix_path.ps1'
[2.083s] INFO:colcon.colcon_core.shell:Creating environment descriptor '/home/riasathasan/Recruitment-task/install/questions/share/questions/hook/ament_prefix_path.dsv'
[2.084s] INFO:colcon.colcon_core.shell:Creating environment hook '/home/riasathasan/Recruitment-task/install/questions/share/questions/hook/ament_prefix_path.sh'
[2.085s] INFO:colcon.colcon_core.shell:Skip shell extension 'powershell' for command environment: Not usable outside of PowerShell
[2.085s] DEBUG:colcon.colcon_core.shell:Skip shell extension 'dsv' for command environment
[2.366s] INFO:colcon.colcon_core.task.python.build:Building Python package in '/home/riasathasan/Recruitment-task/src/questions'
[2.366s] INFO:colcon.colcon_core.shell:Skip shell extension 'powershell' for command environment: Not usable outside of PowerShell
[2.366s] DEBUG:colcon.colcon_core.shell:Skip shell extension 'dsv' for command environment
[3.233s] DEBUG:colcon.colcon_core.task.python.build:Available setuptools commands: develop, saveopts, install_data, install_lib, upload, check, extract_messages, egg_info, bdist_wheel, setopt, install_egg_info, register, clean, bdist, init_catalog, install, build, bdist_egg, build_py, build_ext, sdist, install_headers, bdist_dumb, symlink_data, upload_docs, bdist_rpm, rotate, compile_catalog, easy_install, build_clib, dist_info, update_catalog, install_scripts, alias, test, build_scripts
[3.523s] DEBUG:colcon.colcon_core.task.python.build:Available setuptools 'develop' options: --help, --index-url, --force-installation-into-system-dir, --egg-path, --upgrade, --version, --quiet, --site-dirs, --script-dir, --exclude-scripts, --verbose, --build-directory, --install-layout, --multi-version, --install-dir, --optimize, --no-deps, --zip-ok, --always-copy, --no-find-links, --always-unzip, --allow-hosts, --user, --record, --uninstall, --find-links, --no-user-cfg, --local-snapshots-ok, --prefix, --editable, --dry-run
[3.537s] DEBUG:colcon.colcon_core.event_handler.log_command:Invoking command in '/home/riasathasan/Recruitment-task/build/questions': PYTHONPATH=/home/riasathasan/Recruitment-task/build/questions/prefix_override:/usr/lib/python3/dist-packages/colcon_core/task/python/colcon_distutils_commands:/home/riasathasan/Recruitment-task/install/questions/lib/python3.10/site-packages:${PYTHONPATH} /usr/bin/python3 -W ignore:setup.py install is deprecated -W ignore:easy_install command is deprecated setup.py develop --editable --build-directory /home/riasathasan/Recruitment-task/build/questions/build --no-deps symlink_data
[4.023s] Level 1:colcon.colcon_core.shell:create_environment_hook('questions', 'pythonpath_develop')
[4.024s] INFO:colcon.colcon_core.shell:Creating environment hook '/home/riasathasan/Recruitment-task/build/questions/share/questions/hook/pythonpath_develop.ps1'
[4.025s] DEBUG:colcon.colcon_core.event_handler.log_command:Invoked command in '/home/riasathasan/Recruitment-task/build/questions' returned '0': PYTHONPATH=/home/riasathasan/Recruitment-task/build/questions/prefix_override:/usr/lib/python3/dist-packages/colcon_core/task/python/colcon_distutils_commands:/home/riasathasan/Recruitment-task/install/questions/lib/python3.10/site-packages:${PYTHONPATH} /usr/bin/python3 -W ignore:setup.py install is deprecated -W ignore:easy_install command is deprecated setup.py develop --editable --build-directory /home/riasathasan/Recruitment-task/build/questions/build --no-deps symlink_data
[4.028s] INFO:colcon.colcon_core.shell:Creating environment descriptor '/home/riasathasan/Recruitment-task/build/questions/share/questions/hook/pythonpath_develop.dsv'
[4.029s] INFO:colcon.colcon_core.shell:Creating environment hook '/home/riasathasan/Recruitment-task/build/questions/share/questions/hook/pythonpath_develop.sh'
[4.067s] Level 1:colcon.colcon_core.environment:checking '/home/riasathasan/Recruitment-task/install/questions' for CMake module files
[4.068s] Level 1:colcon.colcon_core.environment:checking '/home/riasathasan/Recruitment-task/install/questions' for CMake config files
[4.069s] Level 1:colcon.colcon_core.environment:checking '/home/riasathasan/Recruitment-task/install/questions/lib'
[4.070s] Level 1:colcon.colcon_core.environment:checking '/home/riasathasan/Recruitment-task/install/questions/bin'
[4.070s] Level 1:colcon.colcon_core.environment:checking '/home/riasathasan/Recruitment-task/install/questions/lib/pkgconfig/questions.pc'
[4.070s] Level 1:colcon.colcon_core.environment:checking '/home/riasathasan/Recruitment-task/install/questions/lib/python3.10/site-packages'
[4.070s] Level 1:colcon.colcon_core.shell:create_environment_hook('questions', 'pythonpath')
[4.071s] INFO:colcon.colcon_core.shell:Creating environment hook '/home/riasathasan/Recruitment-task/install/questions/share/questions/hook/pythonpath.ps1'
[4.071s] INFO:colcon.colcon_core.shell:Creating environment descriptor '/home/riasathasan/Recruitment-task/install/questions/share/questions/hook/pythonpath.dsv'
[4.072s] INFO:colcon.colcon_core.shell:Creating environment hook '/home/riasathasan/Recruitment-task/install/questions/share/questions/hook/pythonpath.sh'
[4.072s] Level 1:colcon.colcon_core.environment:checking '/home/riasathasan/Recruitment-task/install/questions/bin'
[4.072s] Level 1:colcon.colcon_core.environment:create_environment_scripts_only(questions)
[4.073s] INFO:colcon.colcon_core.shell:Creating package script '/home/riasathasan/Recruitment-task/install/questions/share/questions/package.ps1'
[4.074s] INFO:colcon.colcon_core.shell:Creating package descriptor '/home/riasathasan/Recruitment-task/install/questions/share/questions/package.dsv'
[4.075s] INFO:colcon.colcon_core.shell:Creating package script '/home/riasathasan/Recruitment-task/install/questions/share/questions/package.sh'
[4.076s] INFO:colcon.colcon_core.shell:Creating package script '/home/riasathasan/Recruitment-task/install/questions/share/questions/package.bash'
[4.079s] INFO:colcon.colcon_core.shell:Creating package script '/home/riasathasan/Recruitment-task/install/questions/share/questions/package.zsh'
[4.082s] Level 1:colcon.colcon_core.environment:create_file_with_runtime_dependencies(/home/riasathasan/Recruitment-task/install/questions/share/colcon-core/packages/questions)
[4.082s] DEBUG:colcon.colcon_parallel_executor.executor.parallel:closing loop
[4.083s] DEBUG:colcon.colcon_parallel_executor.executor.parallel:loop closed
[4.083s] DEBUG:colcon.colcon_parallel_executor.executor.parallel:run_until_complete finished with '0'
[4.083s] DEBUG:colcon.colcon_core.event_reactor:joining thread
[4.204s] INFO:colcon.colcon_core.plugin_system:Skipping extension 'colcon_notification.desktop_notification.notify_send': Could not find 'notify-send'
[4.204s] INFO:colcon.colcon_core.plugin_system:Skipping extension 'colcon_notification.desktop_notification.terminal_notifier': Not used on non-Darwin systems
[4.204s] INFO:colcon.colcon_core.plugin_system:Skipping extension 'colcon_notification.desktop_notification.win32': Not used on non-Windows systems
[4.204s] INFO:colcon.colcon_notification.desktop_notification:Sending desktop notification using 'notify2'
[4.260s] DEBUG:colcon.colcon_notification.desktop_notification.notify2:Failed to initialize notify2: org.freedesktop.DBus.Error.ServiceUnknown: The name org.freedesktop.Notifications was not provided by any .service files
[4.261s] DEBUG:colcon.colcon_core.event_reactor:joined thread
[4.261s] INFO:colcon.colcon_core.shell:Creating prefix script '/home/riasathasan/Recruitment-task/install/local_setup.ps1'
[4.263s] INFO:colcon.colcon_core.shell:Creating prefix util module '/home/riasathasan/Recruitment-task/install/_local_setup_util_ps1.py'
[4.265s] INFO:colcon.colcon_core.shell:Creating prefix chain script '/home/riasathasan/Recruitment-task/install/setup.ps1'
[4.267s] INFO:colcon.colcon_core.shell:Creating prefix script '/home/riasathasan/Recruitment-task/install/local_setup.sh'
[4.269s] INFO:colcon.colcon_core.shell:Creating prefix util module '/home/riasathasan/Recruitment-task/install/_local_setup_util_sh.py'
[4.270s] INFO:colcon.colcon_core.shell:Creating prefix chain script '/home/riasathasan/Recruitment-task/install/setup.sh'
[4.277s] INFO:colcon.colcon_core.shell:Creating prefix script '/home/riasathasan/Recruitment-task/install/local_setup.bash'
[4.278s] INFO:colcon.colcon_core.shell:Creating prefix chain script '/home/riasathasan/Recruitment-task/install/setup.bash'
[4.279s] INFO:colcon.colcon_core.shell:Creating prefix script '/home/riasathasan/Recruitment-task/install/local_setup.zsh'
[4.281s] INFO:colcon.colcon_core.shell:Creating prefix chain script '/home/riasathasan/Recruitment-task/install/setup.zsh'
