[0.774s] DEBUG:colcon:Command line arguments: ['/usr/bin/colcon', 'build', '--symlink-install']
[0.774s] DEBUG:colcon:Parsed command line arguments: Namespace(log_base=None, log_level=None, verb_name='build', build_base='build', install_base='install', merge_install=False, symlink_install=True, test_result_base=None, continue_on_error=False, executor='parallel', parallel_workers=12, event_handlers=None, ignore_user_meta=False, metas=['./colcon.meta'], base_paths=['.'], packages_ignore=None, packages_ignore_regex=None, paths=None, packages_up_to=None, packages_up_to_regex=None, packages_above=None, packages_above_and_dependencies=None, packages_above_depth=None, packages_select_by_dep=None, packages_skip_by_dep=None, packages_skip_up_to=None, packages_select_build_failed=False, packages_skip_build_finished=False, packages_select_test_failures=False, packages_skip_test_passed=False, packages_select=None, packages_skip=None, packages_select_regex=None, packages_skip_regex=None, packages_start=None, packages_end=None, allow_overriding=[], cmake_args=None, cmake_target=None, cmake_target_skip_unavailable=False, cmake_clean_cache=False, cmake_clean_first=False, cmake_force_configure=False, ament_cmake_args=None, catkin_cmake_args=None, catkin_skip_building_tests=False, mixin_files=None, mixin=None, verb_parser=<colcon_mixin.mixin.mixin_argument.MixinArgumentDecorator object at 0x71a52e051de0>, verb_extension=<colcon_core.verb.build.BuildVerb object at 0x71a52e0517b0>, main=<bound method BuildVerb.main of <colcon_core.verb.build.BuildVerb object at 0x71a52e0517b0>>, mixin_verb=('build',))
[1.056s] Level 1:colcon.colcon_core.package_discovery:discover_packages(colcon_meta) check parameters
[1.056s] Level 1:colcon.colcon_core.package_discovery:discover_packages(recursive) check parameters
[1.056s] Level 1:colcon.colcon_core.package_discovery:discover_packages(ignore) check parameters
[1.056s] Level 1:colcon.colcon_core.package_discovery:discover_packages(path) check parameters
[1.056s] Level 1:colcon.colcon_core.package_discovery:discover_packages(colcon_meta) discover
[1.056s] Level 1:colcon.colcon_core.package_discovery:discover_packages(recursive) discover
[1.056s] INFO:colcon.colcon_core.package_discovery:Crawling recursively for packages in '/home/riasathasan/Recruitment-task'
[1.056s] Level 1:colcon.colcon_core.package_identification:_identify(.) by extensions ['ignore', 'ignore_ament_install']
[1.056s] Level 1:colcon.colcon_core.package_identification:_identify(.) by extension 'ignore'
[1.056s] Level 1:colcon.colcon_core.package_identification:_identify(.) by extension 'ignore_ament_install'
[1.056s] Level 1:colcon.colcon_core.package_identification:_identify(.) by extensions ['colcon_pkg']
[1.057s] Level 1:colcon.colcon_core.package_identification:_identify(.) by extension 'colcon_pkg'
[1.057s] Level 1:colcon.colcon_core.package_identification:_identify(.) by extensions ['colcon_meta']
[1.057s] Level 1:colcon.colcon_core.package_identification:_identify(.) by extension 'colcon_meta'
[1.057s] Level 1:colcon.colcon_core.package_identification:_identify(.) by extensions ['ros']
[1.057s] Level 1:colcon.colcon_core.package_identification:_identify(.) by extension 'ros'
[1.070s] Level 1:colcon.colcon_core.package_identification:_identify(.) by extensions ['cmake', 'python']
[1.070s] Level 1:colcon.colcon_core.package_identification:_identify(.) by extension 'cmake'
[1.070s] Level 1:colcon.colcon_core.package_identification:_identify(.) by extension 'python'
[1.070s] Level 1:colcon.colcon_core.package_identification:_identify(.) by extensions ['python_setup_py']
[1.070s] Level 1:colcon.colcon_core.package_identification:_identify(.) by extension 'python_setup_py'
[1.070s] Level 1:colcon.colcon_core.package_identification:_identify(build) by extensions ['ignore', 'ignore_ament_install']
[1.070s] Level 1:colcon.colcon_core.package_identification:_identify(build) by extension 'ignore'
[1.070s] Level 1:colcon.colcon_core.package_identification:_identify(build) ignored
[1.070s] Level 1:colcon.colcon_core.package_identification:_identify(guidelines) by extensions ['ignore', 'ignore_ament_install']
[1.071s] Level 1:colcon.colcon_core.package_identification:_identify(guidelines) by extension 'ignore'
[1.071s] Level 1:colcon.colcon_core.package_identification:_identify(guidelines) by extension 'ignore_ament_install'
[1.071s] Level 1:colcon.colcon_core.package_identification:_identify(guidelines) by extensions ['colcon_pkg']
[1.071s] Level 1:colcon.colcon_core.package_identification:_identify(guidelines) by extension 'colcon_pkg'
[1.071s] Level 1:colcon.colcon_core.package_identification:_identify(guidelines) by extensions ['colcon_meta']
[1.071s] Level 1:colcon.colcon_core.package_identification:_identify(guidelines) by extension 'colcon_meta'
[1.071s] Level 1:colcon.colcon_core.package_identification:_identify(guidelines) by extensions ['ros']
[1.071s] Level 1:colcon.colcon_core.package_identification:_identify(guidelines) by extension 'ros'
[1.071s] Level 1:colcon.colcon_core.package_identification:_identify(guidelines) by extensions ['cmake', 'python']
[1.071s] Level 1:colcon.colcon_core.package_identification:_identify(guidelines) by extension 'cmake'
[1.071s] Level 1:colcon.colcon_core.package_identification:_identify(guidelines) by extension 'python'
[1.071s] Level 1:colcon.colcon_core.package_identification:_identify(guidelines) by extensions ['python_setup_py']
[1.071s] Level 1:colcon.colcon_core.package_identification:_identify(guidelines) by extension 'python_setup_py'
[1.071s] Level 1:colcon.colcon_core.package_identification:_identify(install) by extensions ['ignore', 'ignore_ament_install']
[1.071s] Level 1:colcon.colcon_core.package_identification:_identify(install) by extension 'ignore'
[1.071s] Level 1:colcon.colcon_core.package_identification:_identify(install) ignored
[1.071s] Level 1:colcon.colcon_core.package_identification:_identify(log) by extensions ['ignore', 'ignore_ament_install']
[1.072s] Level 1:colcon.colcon_core.package_identification:_identify(log) by extension 'ignore'
[1.072s] Level 1:colcon.colcon_core.package_identification:_identify(log) ignored
[1.072s] Level 1:colcon.colcon_core.package_identification:_identify(src) by extensions ['ignore', 'ignore_ament_install']
[1.072s] Level 1:colcon.colcon_core.package_identification:_identify(src) by extension 'ignore'
[1.072s] Level 1:colcon.colcon_core.package_identification:_identify(src) by extension 'ignore_ament_install'
[1.072s] Level 1:colcon.colcon_core.package_identification:_identify(src) by extensions ['colcon_pkg']
[1.072s] Level 1:colcon.colcon_core.package_identification:_identify(src) by extension 'colcon_pkg'
[1.072s] Level 1:colcon.colcon_core.package_identification:_identify(src) by extensions ['colcon_meta']
[1.072s] Level 1:colcon.colcon_core.package_identification:_identify(src) by extension 'colcon_meta'
[1.072s] Level 1:colcon.colcon_core.package_identification:_identify(src) by extensions ['ros']
[1.072s] Level 1:colcon.colcon_core.package_identification:_identify(src) by extension 'ros'
[1.072s] Level 1:colcon.colcon_core.package_identification:_identify(src) by extensions ['cmake', 'python']
[1.072s] Level 1:colcon.colcon_core.package_identification:_identify(src) by extension 'cmake'
[1.072s] Level 1:colcon.colcon_core.package_identification:_identify(src) by extension 'python'
[1.072s] Level 1:colcon.colcon_core.package_identification:_identify(src) by extensions ['python_setup_py']
[1.072s] Level 1:colcon.colcon_core.package_identification:_identify(src) by extension 'python_setup_py'
[1.072s] Level 1:colcon.colcon_core.package_identification:_identify(src/questions) by extensions ['ignore', 'ignore_ament_install']
[1.072s] Level 1:colcon.colcon_core.package_identification:_identify(src/questions) by extension 'ignore'
[1.073s] Level 1:colcon.colcon_core.package_identification:_identify(src/questions) by extension 'ignore_ament_install'
[1.073s] Level 1:colcon.colcon_core.package_identification:_identify(src/questions) by extensions ['colcon_pkg']
[1.073s] Level 1:colcon.colcon_core.package_identification:_identify(src/questions) by extension 'colcon_pkg'
[1.073s] Level 1:colcon.colcon_core.package_identification:_identify(src/questions) by extensions ['colcon_meta']
[1.073s] Level 1:colcon.colcon_core.package_identification:_identify(src/questions) by extension 'colcon_meta'
[1.073s] Level 1:colcon.colcon_core.package_identification:_identify(src/questions) by extensions ['ros']
[1.073s] Level 1:colcon.colcon_core.package_identification:_identify(src/questions) by extension 'ros'
[1.076s] DEBUG:colcon.colcon_core.package_identification:Package 'src/questions' with type 'ros.ament_python' and name 'questions'
[1.076s] Level 1:colcon.colcon_core.package_discovery:discover_packages(recursive) using defaults
[1.076s] Level 1:colcon.colcon_core.package_discovery:discover_packages(ignore) discover
[1.076s] Level 1:colcon.colcon_core.package_discovery:discover_packages(ignore) using defaults
[1.076s] Level 1:colcon.colcon_core.package_discovery:discover_packages(path) discover
[1.076s] Level 1:colcon.colcon_core.package_discovery:discover_packages(path) using defaults
[1.115s] Level 1:colcon.colcon_core.package_discovery:discover_packages(prefix_path) check parameters
[1.115s] Level 1:colcon.colcon_core.package_discovery:discover_packages(prefix_path) discover
[1.120s] DEBUG:colcon.colcon_installed_package_information.package_discovery:Found 393 installed packages in /opt/ros/humble
[1.122s] Level 1:colcon.colcon_core.package_discovery:discover_packages(prefix_path) using defaults
[1.151s] Level 5:colcon.colcon_core.verb:set package 'questions' build argument 'cmake_args' from command line to 'None'
[1.152s] Level 5:colcon.colcon_core.verb:set package 'questions' build argument 'cmake_target' from command line to 'None'
[1.152s] Level 5:colcon.colcon_core.verb:set package 'questions' build argument 'cmake_target_skip_unavailable' from command line to 'False'
[1.152s] Level 5:colcon.colcon_core.verb:set package 'questions' build argument 'cmake_clean_cache' from command line to 'False'
[1.152s] Level 5:colcon.colcon_core.verb:set package 'questions' build argument 'cmake_clean_first' from command line to 'False'
[1.152s] Level 5:colcon.colcon_core.verb:set package 'questions' build argument 'cmake_force_configure' from command line to 'False'
[1.152s] Level 5:colcon.colcon_core.verb:set package 'questions' build argument 'ament_cmake_args' from command line to 'None'
[1.152s] Level 5:colcon.colcon_core.verb:set package 'questions' build argument 'catkin_cmake_args' from command line to 'None'
[1.152s] Level 5:colcon.colcon_core.verb:set package 'questions' build argument 'catkin_skip_building_tests' from command line to 'False'
[1.152s] DEBUG:colcon.colcon_core.verb:Building package 'questions' with the following arguments: {'ament_cmake_args': None, 'build_base': '/home/riasathasan/Recruitment-task/build/questions', 'catkin_cmake_args': None, 'catkin_skip_building_tests': False, 'cmake_args': None, 'cmake_clean_cache': False, 'cmake_clean_first': False, 'cmake_force_configure': False, 'cmake_target': None, 'cmake_target_skip_unavailable': False, 'install_base': '/home/riasathasan/Recruitment-task/install/questions', 'merge_install': False, 'path': '/home/riasathasan/Recruitment-task/src/questions', 'symlink_install': True, 'test_result_base': None}
[1.152s] INFO:colcon.colcon_core.executor:Executing jobs using 'parallel' executor
[1.153s] DEBUG:colcon.colcon_parallel_executor.executor.parallel:run_until_complete
[1.153s] INFO:colcon.colcon_ros.task.ament_python.build:Building ROS package in '/home/riasathasan/Recruitment-task/src/questions' with build type 'ament_python'
[1.153s] Level 1:colcon.colcon_core.shell:create_environment_hook('questions', 'ament_prefix_path')
[1.160s] INFO:colcon.colcon_core.plugin_system:Skipping extension 'colcon_core.shell.bat': Not used on non-Windows systems
[1.161s] INFO:colcon.colcon_core.shell:Creating environment hook '/home/riasathasan/Recruitment-task/install/questions/share/questions/hook/ament_prefix_path.ps1'
[1.162s] INFO:colcon.colcon_core.shell:Creating environment descriptor '/home/riasathasan/Recruitment-task/install/questions/share/questions/hook/ament_prefix_path.dsv'
[1.163s] INFO:colcon.colcon_core.shell:Creating environment hook '/home/riasathasan/Recruitment-task/install/questions/share/questions/hook/ament_prefix_path.sh'
[1.164s] INFO:colcon.colcon_core.shell:Skip shell extension 'powershell' for command environment: Not usable outside of PowerShell
[1.164s] DEBUG:colcon.colcon_core.shell:Skip shell extension 'dsv' for command environment
[1.330s] INFO:colcon.colcon_core.task.python.build:Building Python package in '/home/riasathasan/Recruitment-task/src/questions'
[1.330s] INFO:colcon.colcon_core.shell:Skip shell extension 'powershell' for command environment: Not usable outside of PowerShell
[1.330s] DEBUG:colcon.colcon_core.shell:Skip shell extension 'dsv' for command environment
[1.896s] DEBUG:colcon.colcon_core.task.python.build:Available setuptools commands: sdist, compile_catalog, register, build_clib, install, bdist_egg, saveopts, easy_install, update_catalog, symlink_data, extract_messages, install_headers, develop, egg_info, build, dist_info, test, upload_docs, install_egg_info, bdist_dumb, alias, rotate, bdist_rpm, upload, build_py, build_ext, bdist_wheel, check, setopt, init_catalog, install_scripts, clean, build_scripts, install_data, bdist, install_lib
[2.065s] DEBUG:colcon.colcon_core.task.python.build:Available setuptools 'develop' options: --prefix, --zip-ok, --help, --optimize, --multi-version, --index-url, --quiet, --install-dir, --always-copy, --no-find-links, --install-layout, --allow-hosts, --record, --dry-run, --exclude-scripts, --script-dir, --user, --build-directory, --version, --editable, --no-deps, --upgrade, --force-installation-into-system-dir, --no-user-cfg, --find-links, --local-snapshots-ok, --site-dirs, --egg-path, --uninstall, --verbose, --always-unzip
[2.070s] DEBUG:colcon.colcon_core.event_handler.log_command:Invoking command in '/home/riasathasan/Recruitment-task/build/questions': PYTHONPATH=/home/riasathasan/Recruitment-task/build/questions/prefix_override:/usr/lib/python3/dist-packages/colcon_core/task/python/colcon_distutils_commands:/home/riasathasan/Recruitment-task/install/questions/lib/python3.10/site-packages:${PYTHONPATH} /usr/bin/python3 -W ignore:setup.py install is deprecated -W ignore:easy_install command is deprecated setup.py develop --editable --build-directory /home/riasathasan/Recruitment-task/build/questions/build --no-deps symlink_data
[2.352s] Level 1:colcon.colcon_core.shell:create_environment_hook('questions', 'pythonpath_develop')
[2.352s] INFO:colcon.colcon_core.shell:Creating environment hook '/home/riasathasan/Recruitment-task/build/questions/share/questions/hook/pythonpath_develop.ps1'
[2.353s] DEBUG:colcon.colcon_core.event_handler.log_command:Invoked command in '/home/riasathasan/Recruitment-task/build/questions' returned '0': PYTHONPATH=/home/riasathasan/Recruitment-task/build/questions/prefix_override:/usr/lib/python3/dist-packages/colcon_core/task/python/colcon_distutils_commands:/home/riasathasan/Recruitment-task/install/questions/lib/python3.10/site-packages:${PYTHONPATH} /usr/bin/python3 -W ignore:setup.py install is deprecated -W ignore:easy_install command is deprecated setup.py develop --editable --build-directory /home/riasathasan/Recruitment-task/build/questions/build --no-deps symlink_data
[2.353s] INFO:colcon.colcon_core.shell:Creating environment descriptor '/home/riasathasan/Recruitment-task/build/questions/share/questions/hook/pythonpath_develop.dsv'
[2.353s] INFO:colcon.colcon_core.shell:Creating environment hook '/home/riasathasan/Recruitment-task/build/questions/share/questions/hook/pythonpath_develop.sh'
[2.362s] Level 1:colcon.colcon_core.environment:checking '/home/riasathasan/Recruitment-task/install/questions' for CMake module files
[2.363s] Level 1:colcon.colcon_core.environment:checking '/home/riasathasan/Recruitment-task/install/questions' for CMake config files
[2.363s] Level 1:colcon.colcon_core.environment:checking '/home/riasathasan/Recruitment-task/install/questions/lib'
[2.363s] Level 1:colcon.colcon_core.environment:checking '/home/riasathasan/Recruitment-task/install/questions/bin'
[2.363s] Level 1:colcon.colcon_core.environment:checking '/home/riasathasan/Recruitment-task/install/questions/lib/pkgconfig/questions.pc'
[2.364s] Level 1:colcon.colcon_core.environment:checking '/home/riasathasan/Recruitment-task/install/questions/lib/python3.10/site-packages'
[2.364s] Level 1:colcon.colcon_core.shell:create_environment_hook('questions', 'pythonpath')
[2.364s] INFO:colcon.colcon_core.shell:Creating environment hook '/home/riasathasan/Recruitment-task/install/questions/share/questions/hook/pythonpath.ps1'
[2.364s] INFO:colcon.colcon_core.shell:Creating environment descriptor '/home/riasathasan/Recruitment-task/install/questions/share/questions/hook/pythonpath.dsv'
[2.364s] INFO:colcon.colcon_core.shell:Creating environment hook '/home/riasathasan/Recruitment-task/install/questions/share/questions/hook/pythonpath.sh'
[2.365s] Level 1:colcon.colcon_core.environment:checking '/home/riasathasan/Recruitment-task/install/questions/bin'
[2.365s] Level 1:colcon.colcon_core.environment:create_environment_scripts_only(questions)
[2.365s] INFO:colcon.colcon_core.shell:Creating package script '/home/riasathasan/Recruitment-task/install/questions/share/questions/package.ps1'
[2.366s] INFO:colcon.colcon_core.shell:Creating package descriptor '/home/riasathasan/Recruitment-task/install/questions/share/questions/package.dsv'
[2.367s] INFO:colcon.colcon_core.shell:Creating package script '/home/riasathasan/Recruitment-task/install/questions/share/questions/package.sh'
[2.368s] INFO:colcon.colcon_core.shell:Creating package script '/home/riasathasan/Recruitment-task/install/questions/share/questions/package.bash'
[2.369s] INFO:colcon.colcon_core.shell:Creating package script '/home/riasathasan/Recruitment-task/install/questions/share/questions/package.zsh'
[2.370s] Level 1:colcon.colcon_core.environment:create_file_with_runtime_dependencies(/home/riasathasan/Recruitment-task/install/questions/share/colcon-core/packages/questions)
[2.371s] DEBUG:colcon.colcon_parallel_executor.executor.parallel:closing loop
[2.371s] DEBUG:colcon.colcon_parallel_executor.executor.parallel:loop closed
[2.371s] DEBUG:colcon.colcon_parallel_executor.executor.parallel:run_until_complete finished with '0'
[2.371s] DEBUG:colcon.colcon_core.event_reactor:joining thread
[2.422s] INFO:colcon.colcon_core.plugin_system:Skipping extension 'colcon_notification.desktop_notification.notify_send': Could not find 'notify-send'
[2.422s] INFO:colcon.colcon_core.plugin_system:Skipping extension 'colcon_notification.desktop_notification.terminal_notifier': Not used on non-Darwin systems
[2.422s] INFO:colcon.colcon_core.plugin_system:Skipping extension 'colcon_notification.desktop_notification.win32': Not used on non-Windows systems
[2.423s] INFO:colcon.colcon_notification.desktop_notification:Sending desktop notification using 'notify2'
[2.462s] DEBUG:colcon.colcon_notification.desktop_notification.notify2:Failed to initialize notify2: org.freedesktop.DBus.Error.ServiceUnknown: The name org.freedesktop.Notifications was not provided by any .service files
[2.462s] DEBUG:colcon.colcon_core.event_reactor:joined thread
[2.462s] INFO:colcon.colcon_core.shell:Creating prefix script '/home/riasathasan/Recruitment-task/install/local_setup.ps1'
[2.464s] INFO:colcon.colcon_core.shell:Creating prefix util module '/home/riasathasan/Recruitment-task/install/_local_setup_util_ps1.py'
[2.465s] INFO:colcon.colcon_core.shell:Creating prefix chain script '/home/riasathasan/Recruitment-task/install/setup.ps1'
[2.466s] INFO:colcon.colcon_core.shell:Creating prefix script '/home/riasathasan/Recruitment-task/install/local_setup.sh'
[2.467s] INFO:colcon.colcon_core.shell:Creating prefix util module '/home/riasathasan/Recruitment-task/install/_local_setup_util_sh.py'
[2.467s] INFO:colcon.colcon_core.shell:Creating prefix chain script '/home/riasathasan/Recruitment-task/install/setup.sh'
[2.468s] INFO:colcon.colcon_core.shell:Creating prefix script '/home/riasathasan/Recruitment-task/install/local_setup.bash'
[2.469s] INFO:colcon.colcon_core.shell:Creating prefix chain script '/home/riasathasan/Recruitment-task/install/setup.bash'
[2.470s] INFO:colcon.colcon_core.shell:Creating prefix script '/home/riasathasan/Recruitment-task/install/local_setup.zsh'
[2.470s] INFO:colcon.colcon_core.shell:Creating prefix chain script '/home/riasathasan/Recruitment-task/install/setup.zsh'
