[0.741s] Invoking command in '/home/riasathasan/Recruitment-task/build/questions': PYTHONPATH=/home/riasathasan/Recruitment-task/build/questions/prefix_override:/usr/lib/python3/dist-packages/colcon_core/task/python/colcon_distutils_commands:/home/riasathasan/Recruitment-task/install/questions/lib/python3.10/site-packages:${PYTHONPATH} /usr/bin/python3 -W ignore:setup.py install is deprecated -W ignore:easy_install command is deprecated setup.py develop --editable --build-directory /home/riasathasan/Recruitment-task/build/questions/build --no-deps symlink_data
[0.899s] running develop
[0.983s] running egg_info
[0.983s] creating questions.egg-info
[0.983s] writing questions.egg-info/PKG-INFO
[0.983s] writing dependency_links to questions.egg-info/dependency_links.txt
[0.984s] writing entry points to questions.egg-info/entry_points.txt
[0.984s] writing requirements to questions.egg-info/requires.txt
[0.984s] writing top-level names to questions.egg-info/top_level.txt
[0.984s] writing manifest file 'questions.egg-info/SOURCES.txt'
[0.985s] reading manifest file 'questions.egg-info/SOURCES.txt'
[0.985s] writing manifest file 'questions.egg-info/SOURCES.txt'
[0.986s] running build_ext
[0.986s] Creating /home/riasathasan/Recruitment-task/install/questions/lib/python3.10/site-packages/questions.egg-link (link to .)
[0.987s] Installing websocket_broadcaster script to /home/riasathasan/Recruitment-task/install/questions/lib/questions
[0.987s] 
[0.988s] Installed /home/riasathasan/Recruitment-task/build/questions
[0.988s] running symlink_data
[0.988s] creating /home/riasathasan/Recruitment-task/install/questions/share/ament_index
[0.988s] creating /home/riasathasan/Recruitment-task/install/questions/share/ament_index/resource_index
[0.988s] creating /home/riasathasan/Recruitment-task/install/questions/share/ament_index/resource_index/packages
[0.988s] symbolically linking /home/riasathasan/Recruitment-task/build/questions/resource/questions -> /home/riasathasan/Recruitment-task/install/questions/share/ament_index/resource_index/packages
[0.989s] symbolically linking /home/riasathasan/Recruitment-task/build/questions/package.xml -> /home/riasathasan/Recruitment-task/install/questions/share/questions
[0.989s] creating /home/riasathasan/Recruitment-task/install/questions/share/questions/launch
[0.990s] symbolically linking /home/riasathasan/Recruitment-task/build/questions/launch/main_assignment.launch.py -> /home/riasathasan/Recruitment-task/install/questions/share/questions/launch
[0.990s] creating /home/riasathasan/Recruitment-task/install/questions/share/questions/worlds
[0.990s] symbolically linking /home/riasathasan/Recruitment-task/build/questions/level3.sdf -> /home/riasathasan/Recruitment-task/install/questions/share/questions/worlds
[1.011s] Invoked command in '/home/riasathasan/Recruitment-task/build/questions' returned '0': PYTHONPATH=/home/riasathasan/Recruitment-task/build/questions/prefix_override:/usr/lib/python3/dist-packages/colcon_core/task/python/colcon_distutils_commands:/home/riasathasan/Recruitment-task/install/questions/lib/python3.10/site-packages:${PYTHONPATH} /usr/bin/python3 -W ignore:setup.py install is deprecated -W ignore:easy_install command is deprecated setup.py develop --editable --build-directory /home/riasathasan/Recruitment-task/build/questions/build --no-deps symlink_data
