[0.148s] DEBUG:colcon:Command line arguments: ['/usr/bin/colcon', 'build', '--symlink-install']
[0.148s] DEBUG:colcon:Parsed command line arguments: Namespace(log_base=None, log_level=None, verb_name='build', build_base='build', install_base='install', merge_install=False, symlink_install=True, test_result_base=None, continue_on_error=False, executor='parallel', parallel_workers=12, event_handlers=None, ignore_user_meta=False, metas=['./colcon.meta'], base_paths=['.'], packages_ignore=None, packages_ignore_regex=None, paths=None, packages_up_to=None, packages_up_to_regex=None, packages_above=None, packages_above_and_dependencies=None, packages_above_depth=None, packages_select_by_dep=None, packages_skip_by_dep=None, packages_skip_up_to=None, packages_select_build_failed=False, packages_skip_build_finished=False, packages_select_test_failures=False, packages_skip_test_passed=False, packages_select=None, packages_skip=None, packages_select_regex=None, packages_skip_regex=None, packages_start=None, packages_end=None, allow_overriding=[], cmake_args=None, cmake_target=None, cmake_target_skip_unavailable=False, cmake_clean_cache=False, cmake_clean_first=False, cmake_force_configure=False, ament_cmake_args=None, catkin_cmake_args=None, catkin_skip_building_tests=False, mixin_files=None, mixin=None, verb_parser=<colcon_mixin.mixin.mixin_argument.MixinArgumentDecorator object at 0x7accaa84e350>, verb_extension=<colcon_core.verb.build.BuildVerb object at 0x7accaa84dd20>, main=<bound method BuildVerb.main of <colcon_core.verb.build.BuildVerb object at 0x7accaa84dd20>>, mixin_verb=('build',))
[0.250s] Level 1:colcon.colcon_core.package_discovery:discover_packages(colcon_meta) check parameters
[0.250s] Level 1:colcon.colcon_core.package_discovery:discover_packages(recursive) check parameters
[0.250s] Level 1:colcon.colcon_core.package_discovery:discover_packages(ignore) check parameters
[0.250s] Level 1:colcon.colcon_core.package_discovery:discover_packages(path) check parameters
[0.250s] Level 1:colcon.colcon_core.package_discovery:discover_packages(colcon_meta) discover
[0.250s] Level 1:colcon.colcon_core.package_discovery:discover_packages(recursive) discover
[0.250s] INFO:colcon.colcon_core.package_discovery:Crawling recursively for packages in '/home/riasathasan/Recruitment-task'
[0.250s] Level 1:colcon.colcon_core.package_identification:_identify(.) by extensions ['ignore', 'ignore_ament_install']
[0.250s] Level 1:colcon.colcon_core.package_identification:_identify(.) by extension 'ignore'
[0.250s] Level 1:colcon.colcon_core.package_identification:_identify(.) by extension 'ignore_ament_install'
[0.250s] Level 1:colcon.colcon_core.package_identification:_identify(.) by extensions ['colcon_pkg']
[0.250s] Level 1:colcon.colcon_core.package_identification:_identify(.) by extension 'colcon_pkg'
[0.250s] Level 1:colcon.colcon_core.package_identification:_identify(.) by extensions ['colcon_meta']
[0.250s] Level 1:colcon.colcon_core.package_identification:_identify(.) by extension 'colcon_meta'
[0.250s] Level 1:colcon.colcon_core.package_identification:_identify(.) by extensions ['ros']
[0.250s] Level 1:colcon.colcon_core.package_identification:_identify(.) by extension 'ros'
[0.258s] Level 1:colcon.colcon_core.package_identification:_identify(.) by extensions ['cmake', 'python']
[0.258s] Level 1:colcon.colcon_core.package_identification:_identify(.) by extension 'cmake'
[0.258s] Level 1:colcon.colcon_core.package_identification:_identify(.) by extension 'python'
[0.258s] Level 1:colcon.colcon_core.package_identification:_identify(.) by extensions ['python_setup_py']
[0.258s] Level 1:colcon.colcon_core.package_identification:_identify(.) by extension 'python_setup_py'
[0.258s] Level 1:colcon.colcon_core.package_identification:_identify(build) by extensions ['ignore', 'ignore_ament_install']
[0.258s] Level 1:colcon.colcon_core.package_identification:_identify(build) by extension 'ignore'
[0.258s] Level 1:colcon.colcon_core.package_identification:_identify(build) ignored
[0.258s] Level 1:colcon.colcon_core.package_identification:_identify(guidelines) by extensions ['ignore', 'ignore_ament_install']
[0.258s] Level 1:colcon.colcon_core.package_identification:_identify(guidelines) by extension 'ignore'
[0.258s] Level 1:colcon.colcon_core.package_identification:_identify(guidelines) by extension 'ignore_ament_install'
[0.258s] Level 1:colcon.colcon_core.package_identification:_identify(guidelines) by extensions ['colcon_pkg']
[0.258s] Level 1:colcon.colcon_core.package_identification:_identify(guidelines) by extension 'colcon_pkg'
[0.258s] Level 1:colcon.colcon_core.package_identification:_identify(guidelines) by extensions ['colcon_meta']
[0.258s] Level 1:colcon.colcon_core.package_identification:_identify(guidelines) by extension 'colcon_meta'
[0.259s] Level 1:colcon.colcon_core.package_identification:_identify(guidelines) by extensions ['ros']
[0.259s] Level 1:colcon.colcon_core.package_identification:_identify(guidelines) by extension 'ros'
[0.259s] Level 1:colcon.colcon_core.package_identification:_identify(guidelines) by extensions ['cmake', 'python']
[0.259s] Level 1:colcon.colcon_core.package_identification:_identify(guidelines) by extension 'cmake'
[0.259s] Level 1:colcon.colcon_core.package_identification:_identify(guidelines) by extension 'python'
[0.259s] Level 1:colcon.colcon_core.package_identification:_identify(guidelines) by extensions ['python_setup_py']
[0.259s] Level 1:colcon.colcon_core.package_identification:_identify(guidelines) by extension 'python_setup_py'
[0.259s] Level 1:colcon.colcon_core.package_identification:_identify(install) by extensions ['ignore', 'ignore_ament_install']
[0.259s] Level 1:colcon.colcon_core.package_identification:_identify(install) by extension 'ignore'
[0.259s] Level 1:colcon.colcon_core.package_identification:_identify(install) ignored
[0.259s] Level 1:colcon.colcon_core.package_identification:_identify(log) by extensions ['ignore', 'ignore_ament_install']
[0.259s] Level 1:colcon.colcon_core.package_identification:_identify(log) by extension 'ignore'
[0.259s] Level 1:colcon.colcon_core.package_identification:_identify(log) ignored
[0.259s] Level 1:colcon.colcon_core.package_identification:_identify(src) by extensions ['ignore', 'ignore_ament_install']
[0.259s] Level 1:colcon.colcon_core.package_identification:_identify(src) by extension 'ignore'
[0.260s] Level 1:colcon.colcon_core.package_identification:_identify(src) by extension 'ignore_ament_install'
[0.260s] Level 1:colcon.colcon_core.package_identification:_identify(src) by extensions ['colcon_pkg']
[0.260s] Level 1:colcon.colcon_core.package_identification:_identify(src) by extension 'colcon_pkg'
[0.260s] Level 1:colcon.colcon_core.package_identification:_identify(src) by extensions ['colcon_meta']
[0.260s] Level 1:colcon.colcon_core.package_identification:_identify(src) by extension 'colcon_meta'
[0.260s] Level 1:colcon.colcon_core.package_identification:_identify(src) by extensions ['ros']
[0.260s] Level 1:colcon.colcon_core.package_identification:_identify(src) by extension 'ros'
[0.260s] Level 1:colcon.colcon_core.package_identification:_identify(src) by extensions ['cmake', 'python']
[0.260s] Level 1:colcon.colcon_core.package_identification:_identify(src) by extension 'cmake'
[0.260s] Level 1:colcon.colcon_core.package_identification:_identify(src) by extension 'python'
[0.260s] Level 1:colcon.colcon_core.package_identification:_identify(src) by extensions ['python_setup_py']
[0.260s] Level 1:colcon.colcon_core.package_identification:_identify(src) by extension 'python_setup_py'
[0.260s] Level 1:colcon.colcon_core.package_identification:_identify(src/questions) by extensions ['ignore', 'ignore_ament_install']
[0.260s] Level 1:colcon.colcon_core.package_identification:_identify(src/questions) by extension 'ignore'
[0.260s] Level 1:colcon.colcon_core.package_identification:_identify(src/questions) by extension 'ignore_ament_install'
[0.260s] Level 1:colcon.colcon_core.package_identification:_identify(src/questions) by extensions ['colcon_pkg']
[0.260s] Level 1:colcon.colcon_core.package_identification:_identify(src/questions) by extension 'colcon_pkg'
[0.260s] Level 1:colcon.colcon_core.package_identification:_identify(src/questions) by extensions ['colcon_meta']
[0.260s] Level 1:colcon.colcon_core.package_identification:_identify(src/questions) by extension 'colcon_meta'
[0.260s] Level 1:colcon.colcon_core.package_identification:_identify(src/questions) by extensions ['ros']
[0.260s] Level 1:colcon.colcon_core.package_identification:_identify(src/questions) by extension 'ros'
[0.262s] DEBUG:colcon.colcon_core.package_identification:Package 'src/questions' with type 'ros.ament_python' and name 'questions'
[0.262s] Level 1:colcon.colcon_core.package_discovery:discover_packages(recursive) using defaults
[0.262s] Level 1:colcon.colcon_core.package_discovery:discover_packages(ignore) discover
[0.262s] Level 1:colcon.colcon_core.package_discovery:discover_packages(ignore) using defaults
[0.262s] Level 1:colcon.colcon_core.package_discovery:discover_packages(path) discover
[0.262s] Level 1:colcon.colcon_core.package_discovery:discover_packages(path) using defaults
[0.282s] Level 1:colcon.colcon_core.package_discovery:discover_packages(prefix_path) check parameters
[0.282s] Level 1:colcon.colcon_core.package_discovery:discover_packages(prefix_path) discover
[0.283s] DEBUG:colcon.colcon_installed_package_information.package_discovery:Found 1 installed packages in /home/riasathasan/Recruitment-task/install
[0.284s] DEBUG:colcon.colcon_installed_package_information.package_discovery:Found 393 installed packages in /opt/ros/humble
[0.285s] Level 1:colcon.colcon_core.package_discovery:discover_packages(prefix_path) using defaults
[0.313s] Level 5:colcon.colcon_core.verb:set package 'questions' build argument 'cmake_args' from command line to 'None'
[0.313s] Level 5:colcon.colcon_core.verb:set package 'questions' build argument 'cmake_target' from command line to 'None'
[0.313s] Level 5:colcon.colcon_core.verb:set package 'questions' build argument 'cmake_target_skip_unavailable' from command line to 'False'
[0.313s] Level 5:colcon.colcon_core.verb:set package 'questions' build argument 'cmake_clean_cache' from command line to 'False'
[0.313s] Level 5:colcon.colcon_core.verb:set package 'questions' build argument 'cmake_clean_first' from command line to 'False'
[0.313s] Level 5:colcon.colcon_core.verb:set package 'questions' build argument 'cmake_force_configure' from command line to 'False'
[0.313s] Level 5:colcon.colcon_core.verb:set package 'questions' build argument 'ament_cmake_args' from command line to 'None'
[0.313s] Level 5:colcon.colcon_core.verb:set package 'questions' build argument 'catkin_cmake_args' from command line to 'None'
[0.313s] Level 5:colcon.colcon_core.verb:set package 'questions' build argument 'catkin_skip_building_tests' from command line to 'False'
[0.313s] DEBUG:colcon.colcon_core.verb:Building package 'questions' with the following arguments: {'ament_cmake_args': None, 'build_base': '/home/riasathasan/Recruitment-task/build/questions', 'catkin_cmake_args': None, 'catkin_skip_building_tests': False, 'cmake_args': None, 'cmake_clean_cache': False, 'cmake_clean_first': False, 'cmake_force_configure': False, 'cmake_target': None, 'cmake_target_skip_unavailable': False, 'install_base': '/home/riasathasan/Recruitment-task/install/questions', 'merge_install': False, 'path': '/home/riasathasan/Recruitment-task/src/questions', 'symlink_install': True, 'test_result_base': None}
[0.313s] INFO:colcon.colcon_core.executor:Executing jobs using 'parallel' executor
[0.314s] DEBUG:colcon.colcon_parallel_executor.executor.parallel:run_until_complete
[0.314s] INFO:colcon.colcon_ros.task.ament_python.build:Building ROS package in '/home/riasathasan/Recruitment-task/src/questions' with build type 'ament_python'
[0.314s] Level 1:colcon.colcon_core.shell:create_environment_hook('questions', 'ament_prefix_path')
[0.324s] INFO:colcon.colcon_core.plugin_system:Skipping extension 'colcon_core.shell.bat': Not used on non-Windows systems
[0.324s] INFO:colcon.colcon_core.shell:Creating environment hook '/home/riasathasan/Recruitment-task/install/questions/share/questions/hook/ament_prefix_path.ps1'
[0.325s] INFO:colcon.colcon_core.shell:Creating environment descriptor '/home/riasathasan/Recruitment-task/install/questions/share/questions/hook/ament_prefix_path.dsv'
[0.330s] INFO:colcon.colcon_core.shell:Creating environment hook '/home/riasathasan/Recruitment-task/install/questions/share/questions/hook/ament_prefix_path.sh'
[0.332s] INFO:colcon.colcon_core.shell:Skip shell extension 'powershell' for command environment: Not usable outside of PowerShell
[0.332s] DEBUG:colcon.colcon_core.shell:Skip shell extension 'dsv' for command environment
[0.498s] INFO:colcon.colcon_core.task.python.build:Building Python package in '/home/riasathasan/Recruitment-task/src/questions'
[0.499s] INFO:colcon.colcon_core.shell:Skip shell extension 'powershell' for command environment: Not usable outside of PowerShell
[0.499s] DEBUG:colcon.colcon_core.shell:Skip shell extension 'dsv' for command environment
[0.888s] DEBUG:colcon.colcon_core.task.python.build:Available setuptools commands: check, egg_info, upload, install_lib, setopt, init_catalog, saveopts, install_headers, install, easy_install, compile_catalog, update_catalog, build_ext, build_py, build, test, build_scripts, install_data, install_scripts, clean, dist_info, extract_messages, build_clib, bdist_egg, rotate, bdist_wheel, install_egg_info, upload_docs, bdist_dumb, bdist_rpm, sdist, register, bdist, alias, symlink_data, develop
[1.055s] DEBUG:colcon.colcon_core.task.python.build:Available setuptools 'develop' options: --dry-run, --exclude-scripts, --optimize, --verbose, --no-deps, --install-dir, --build-directory, --zip-ok, --force-installation-into-system-dir, --no-find-links, --egg-path, --prefix, --editable, --upgrade, --version, --user, --multi-version, --record, --always-unzip, --find-links, --no-user-cfg, --quiet, --index-url, --allow-hosts, --always-copy, --site-dirs, --install-layout, --uninstall, --local-snapshots-ok, --script-dir, --help
[1.058s] DEBUG:colcon.colcon_core.event_handler.log_command:Invoking command in '/home/riasathasan/Recruitment-task/build/questions': PYTHONPATH=/home/riasathasan/Recruitment-task/build/questions/prefix_override:/usr/lib/python3/dist-packages/colcon_core/task/python/colcon_distutils_commands:/home/riasathasan/Recruitment-task/install/questions/lib/python3.10/site-packages:${PYTHONPATH} /usr/bin/python3 -W ignore:setup.py install is deprecated -W ignore:easy_install command is deprecated setup.py develop --editable --build-directory /home/riasathasan/Recruitment-task/build/questions/build --no-deps symlink_data
[1.309s] Level 1:colcon.colcon_core.shell:create_environment_hook('questions', 'pythonpath_develop')
[1.309s] INFO:colcon.colcon_core.shell:Creating environment hook '/home/riasathasan/Recruitment-task/build/questions/share/questions/hook/pythonpath_develop.ps1'
[1.310s] DEBUG:colcon.colcon_core.event_handler.log_command:Invoked command in '/home/riasathasan/Recruitment-task/build/questions' returned '0': PYTHONPATH=/home/riasathasan/Recruitment-task/build/questions/prefix_override:/usr/lib/python3/dist-packages/colcon_core/task/python/colcon_distutils_commands:/home/riasathasan/Recruitment-task/install/questions/lib/python3.10/site-packages:${PYTHONPATH} /usr/bin/python3 -W ignore:setup.py install is deprecated -W ignore:easy_install command is deprecated setup.py develop --editable --build-directory /home/riasathasan/Recruitment-task/build/questions/build --no-deps symlink_data
[1.310s] INFO:colcon.colcon_core.shell:Creating environment descriptor '/home/riasathasan/Recruitment-task/build/questions/share/questions/hook/pythonpath_develop.dsv'
[1.310s] INFO:colcon.colcon_core.shell:Creating environment hook '/home/riasathasan/Recruitment-task/build/questions/share/questions/hook/pythonpath_develop.sh'
[1.316s] Level 1:colcon.colcon_core.environment:checking '/home/riasathasan/Recruitment-task/install/questions' for CMake module files
[1.316s] Level 1:colcon.colcon_core.environment:checking '/home/riasathasan/Recruitment-task/install/questions' for CMake config files
[1.319s] Level 1:colcon.colcon_core.environment:checking '/home/riasathasan/Recruitment-task/install/questions/lib'
[1.319s] Level 1:colcon.colcon_core.environment:checking '/home/riasathasan/Recruitment-task/install/questions/bin'
[1.319s] Level 1:colcon.colcon_core.environment:checking '/home/riasathasan/Recruitment-task/install/questions/lib/pkgconfig/questions.pc'
[1.319s] Level 1:colcon.colcon_core.environment:checking '/home/riasathasan/Recruitment-task/install/questions/lib/python3.10/site-packages'
[1.319s] Level 1:colcon.colcon_core.shell:create_environment_hook('questions', 'pythonpath')
[1.319s] INFO:colcon.colcon_core.shell:Creating environment hook '/home/riasathasan/Recruitment-task/install/questions/share/questions/hook/pythonpath.ps1'
[1.319s] INFO:colcon.colcon_core.shell:Creating environment descriptor '/home/riasathasan/Recruitment-task/install/questions/share/questions/hook/pythonpath.dsv'
[1.320s] INFO:colcon.colcon_core.shell:Creating environment hook '/home/riasathasan/Recruitment-task/install/questions/share/questions/hook/pythonpath.sh'
[1.320s] Level 1:colcon.colcon_core.environment:checking '/home/riasathasan/Recruitment-task/install/questions/bin'
[1.320s] Level 1:colcon.colcon_core.environment:create_environment_scripts_only(questions)
[1.320s] INFO:colcon.colcon_core.shell:Creating package script '/home/riasathasan/Recruitment-task/install/questions/share/questions/package.ps1'
[1.321s] INFO:colcon.colcon_core.shell:Creating package descriptor '/home/riasathasan/Recruitment-task/install/questions/share/questions/package.dsv'
[1.322s] INFO:colcon.colcon_core.shell:Creating package script '/home/riasathasan/Recruitment-task/install/questions/share/questions/package.sh'
[1.323s] INFO:colcon.colcon_core.shell:Creating package script '/home/riasathasan/Recruitment-task/install/questions/share/questions/package.bash'
[1.323s] INFO:colcon.colcon_core.shell:Creating package script '/home/riasathasan/Recruitment-task/install/questions/share/questions/package.zsh'
[1.324s] Level 1:colcon.colcon_core.environment:create_file_with_runtime_dependencies(/home/riasathasan/Recruitment-task/install/questions/share/colcon-core/packages/questions)
[1.324s] DEBUG:colcon.colcon_parallel_executor.executor.parallel:closing loop
[1.325s] DEBUG:colcon.colcon_parallel_executor.executor.parallel:loop closed
[1.325s] DEBUG:colcon.colcon_parallel_executor.executor.parallel:run_until_complete finished with '0'
[1.325s] DEBUG:colcon.colcon_core.event_reactor:joining thread
[1.378s] INFO:colcon.colcon_core.plugin_system:Skipping extension 'colcon_notification.desktop_notification.notify_send': Could not find 'notify-send'
[1.378s] INFO:colcon.colcon_core.plugin_system:Skipping extension 'colcon_notification.desktop_notification.terminal_notifier': Not used on non-Darwin systems
[1.378s] INFO:colcon.colcon_core.plugin_system:Skipping extension 'colcon_notification.desktop_notification.win32': Not used on non-Windows systems
[1.378s] INFO:colcon.colcon_notification.desktop_notification:Sending desktop notification using 'notify2'
[1.404s] DEBUG:colcon.colcon_notification.desktop_notification.notify2:Failed to initialize notify2: org.freedesktop.DBus.Error.ServiceUnknown: The name org.freedesktop.Notifications was not provided by any .service files
[1.404s] DEBUG:colcon.colcon_core.event_reactor:joined thread
[1.404s] INFO:colcon.colcon_core.shell:Creating prefix script '/home/riasathasan/Recruitment-task/install/local_setup.ps1'
[1.406s] INFO:colcon.colcon_core.shell:Creating prefix util module '/home/riasathasan/Recruitment-task/install/_local_setup_util_ps1.py'
[1.407s] INFO:colcon.colcon_core.shell:Creating prefix chain script '/home/riasathasan/Recruitment-task/install/setup.ps1'
[1.408s] INFO:colcon.colcon_core.shell:Creating prefix script '/home/riasathasan/Recruitment-task/install/local_setup.sh'
[1.408s] INFO:colcon.colcon_core.shell:Creating prefix util module '/home/riasathasan/Recruitment-task/install/_local_setup_util_sh.py'
[1.409s] INFO:colcon.colcon_core.shell:Creating prefix chain script '/home/riasathasan/Recruitment-task/install/setup.sh'
[1.409s] INFO:colcon.colcon_core.shell:Creating prefix script '/home/riasathasan/Recruitment-task/install/local_setup.bash'
[1.410s] INFO:colcon.colcon_core.shell:Creating prefix chain script '/home/riasathasan/Recruitment-task/install/setup.bash'
[1.411s] INFO:colcon.colcon_core.shell:Creating prefix script '/home/riasathasan/Recruitment-task/install/local_setup.zsh'
[1.411s] INFO:colcon.colcon_core.shell:Creating prefix chain script '/home/riasathasan/Recruitment-task/install/setup.zsh'
