[0.937s] DEBUG:colcon:Command line arguments: ['/usr/bin/colcon', 'build', '--symlink-install']
[0.937s] DEBUG:colcon:Parsed command line arguments: Namespace(log_base=None, log_level=None, verb_name='build', build_base='build', install_base='install', merge_install=False, symlink_install=True, test_result_base=None, continue_on_error=False, executor='parallel', parallel_workers=12, event_handlers=None, ignore_user_meta=False, metas=['./colcon.meta'], base_paths=['.'], packages_ignore=None, packages_ignore_regex=None, paths=None, packages_up_to=None, packages_up_to_regex=None, packages_above=None, packages_above_and_dependencies=None, packages_above_depth=None, packages_select_by_dep=None, packages_skip_by_dep=None, packages_skip_up_to=None, packages_select_build_failed=False, packages_skip_build_finished=False, packages_select_test_failures=False, packages_skip_test_passed=False, packages_select=None, packages_skip=None, packages_select_regex=None, packages_skip_regex=None, packages_start=None, packages_end=None, allow_overriding=[], cmake_args=None, cmake_target=None, cmake_target_skip_unavailable=False, cmake_clean_cache=False, cmake_clean_first=False, cmake_force_configure=False, ament_cmake_args=None, catkin_cmake_args=None, catkin_skip_building_tests=False, mixin_files=None, mixin=None, verb_parser=<colcon_mixin.mixin.mixin_argument.MixinArgumentDecorator object at 0x7e816745df00>, verb_extension=<colcon_core.verb.build.BuildVerb object at 0x7e816745d900>, main=<bound method BuildVerb.main of <colcon_core.verb.build.BuildVerb object at 0x7e816745d900>>, mixin_verb=('build',))
[1.342s] Level 1:colcon.colcon_core.package_discovery:discover_packages(colcon_meta) check parameters
[1.343s] Level 1:colcon.colcon_core.package_discovery:discover_packages(recursive) check parameters
[1.343s] Level 1:colcon.colcon_core.package_discovery:discover_packages(ignore) check parameters
[1.343s] Level 1:colcon.colcon_core.package_discovery:discover_packages(path) check parameters
[1.343s] Level 1:colcon.colcon_core.package_discovery:discover_packages(colcon_meta) discover
[1.343s] Level 1:colcon.colcon_core.package_discovery:discover_packages(recursive) discover
[1.343s] INFO:colcon.colcon_core.package_discovery:Crawling recursively for packages in '/home/riasathasan/Recruitment-task'
[1.344s] Level 1:colcon.colcon_core.package_identification:_identify(.) by extensions ['ignore', 'ignore_ament_install']
[1.344s] Level 1:colcon.colcon_core.package_identification:_identify(.) by extension 'ignore'
[1.344s] Level 1:colcon.colcon_core.package_identification:_identify(.) by extension 'ignore_ament_install'
[1.344s] Level 1:colcon.colcon_core.package_identification:_identify(.) by extensions ['colcon_pkg']
[1.345s] Level 1:colcon.colcon_core.package_identification:_identify(.) by extension 'colcon_pkg'
[1.345s] Level 1:colcon.colcon_core.package_identification:_identify(.) by extensions ['colcon_meta']
[1.345s] Level 1:colcon.colcon_core.package_identification:_identify(.) by extension 'colcon_meta'
[1.345s] Level 1:colcon.colcon_core.package_identification:_identify(.) by extensions ['ros']
[1.345s] Level 1:colcon.colcon_core.package_identification:_identify(.) by extension 'ros'
[1.375s] Level 1:colcon.colcon_core.package_identification:_identify(.) by extensions ['cmake', 'python']
[1.375s] Level 1:colcon.colcon_core.package_identification:_identify(.) by extension 'cmake'
[1.375s] Level 1:colcon.colcon_core.package_identification:_identify(.) by extension 'python'
[1.375s] Level 1:colcon.colcon_core.package_identification:_identify(.) by extensions ['python_setup_py']
[1.375s] Level 1:colcon.colcon_core.package_identification:_identify(.) by extension 'python_setup_py'
[1.375s] Level 1:colcon.colcon_core.package_identification:_identify(build) by extensions ['ignore', 'ignore_ament_install']
[1.376s] Level 1:colcon.colcon_core.package_identification:_identify(build) by extension 'ignore'
[1.376s] Level 1:colcon.colcon_core.package_identification:_identify(build) ignored
[1.376s] Level 1:colcon.colcon_core.package_identification:_identify(docker) by extensions ['ignore', 'ignore_ament_install']
[1.376s] Level 1:colcon.colcon_core.package_identification:_identify(docker) by extension 'ignore'
[1.376s] Level 1:colcon.colcon_core.package_identification:_identify(docker) by extension 'ignore_ament_install'
[1.376s] Level 1:colcon.colcon_core.package_identification:_identify(docker) by extensions ['colcon_pkg']
[1.376s] Level 1:colcon.colcon_core.package_identification:_identify(docker) by extension 'colcon_pkg'
[1.376s] Level 1:colcon.colcon_core.package_identification:_identify(docker) by extensions ['colcon_meta']
[1.376s] Level 1:colcon.colcon_core.package_identification:_identify(docker) by extension 'colcon_meta'
[1.376s] Level 1:colcon.colcon_core.package_identification:_identify(docker) by extensions ['ros']
[1.376s] Level 1:colcon.colcon_core.package_identification:_identify(docker) by extension 'ros'
[1.376s] Level 1:colcon.colcon_core.package_identification:_identify(docker) by extensions ['cmake', 'python']
[1.376s] Level 1:colcon.colcon_core.package_identification:_identify(docker) by extension 'cmake'
[1.376s] Level 1:colcon.colcon_core.package_identification:_identify(docker) by extension 'python'
[1.376s] Level 1:colcon.colcon_core.package_identification:_identify(docker) by extensions ['python_setup_py']
[1.376s] Level 1:colcon.colcon_core.package_identification:_identify(docker) by extension 'python_setup_py'
[1.377s] Level 1:colcon.colcon_core.package_identification:_identify(guidelines) by extensions ['ignore', 'ignore_ament_install']
[1.377s] Level 1:colcon.colcon_core.package_identification:_identify(guidelines) by extension 'ignore'
[1.377s] Level 1:colcon.colcon_core.package_identification:_identify(guidelines) by extension 'ignore_ament_install'
[1.377s] Level 1:colcon.colcon_core.package_identification:_identify(guidelines) by extensions ['colcon_pkg']
[1.377s] Level 1:colcon.colcon_core.package_identification:_identify(guidelines) by extension 'colcon_pkg'
[1.377s] Level 1:colcon.colcon_core.package_identification:_identify(guidelines) by extensions ['colcon_meta']
[1.377s] Level 1:colcon.colcon_core.package_identification:_identify(guidelines) by extension 'colcon_meta'
[1.377s] Level 1:colcon.colcon_core.package_identification:_identify(guidelines) by extensions ['ros']
[1.377s] Level 1:colcon.colcon_core.package_identification:_identify(guidelines) by extension 'ros'
[1.377s] Level 1:colcon.colcon_core.package_identification:_identify(guidelines) by extensions ['cmake', 'python']
[1.377s] Level 1:colcon.colcon_core.package_identification:_identify(guidelines) by extension 'cmake'
[1.377s] Level 1:colcon.colcon_core.package_identification:_identify(guidelines) by extension 'python'
[1.377s] Level 1:colcon.colcon_core.package_identification:_identify(guidelines) by extensions ['python_setup_py']
[1.377s] Level 1:colcon.colcon_core.package_identification:_identify(guidelines) by extension 'python_setup_py'
[1.377s] Level 1:colcon.colcon_core.package_identification:_identify(install) by extensions ['ignore', 'ignore_ament_install']
[1.378s] Level 1:colcon.colcon_core.package_identification:_identify(install) by extension 'ignore'
[1.378s] Level 1:colcon.colcon_core.package_identification:_identify(install) ignored
[1.378s] Level 1:colcon.colcon_core.package_identification:_identify(log) by extensions ['ignore', 'ignore_ament_install']
[1.378s] Level 1:colcon.colcon_core.package_identification:_identify(log) by extension 'ignore'
[1.378s] Level 1:colcon.colcon_core.package_identification:_identify(log) ignored
[1.378s] Level 1:colcon.colcon_core.package_identification:_identify(slam_config) by extensions ['ignore', 'ignore_ament_install']
[1.378s] Level 1:colcon.colcon_core.package_identification:_identify(slam_config) by extension 'ignore'
[1.378s] Level 1:colcon.colcon_core.package_identification:_identify(slam_config) by extension 'ignore_ament_install'
[1.378s] Level 1:colcon.colcon_core.package_identification:_identify(slam_config) by extensions ['colcon_pkg']
[1.378s] Level 1:colcon.colcon_core.package_identification:_identify(slam_config) by extension 'colcon_pkg'
[1.378s] Level 1:colcon.colcon_core.package_identification:_identify(slam_config) by extensions ['colcon_meta']
[1.378s] Level 1:colcon.colcon_core.package_identification:_identify(slam_config) by extension 'colcon_meta'
[1.378s] Level 1:colcon.colcon_core.package_identification:_identify(slam_config) by extensions ['ros']
[1.378s] Level 1:colcon.colcon_core.package_identification:_identify(slam_config) by extension 'ros'
[1.378s] Level 1:colcon.colcon_core.package_identification:_identify(slam_config) by extensions ['cmake', 'python']
[1.378s] Level 1:colcon.colcon_core.package_identification:_identify(slam_config) by extension 'cmake'
[1.378s] Level 1:colcon.colcon_core.package_identification:_identify(slam_config) by extension 'python'
[1.378s] Level 1:colcon.colcon_core.package_identification:_identify(slam_config) by extensions ['python_setup_py']
[1.378s] Level 1:colcon.colcon_core.package_identification:_identify(slam_config) by extension 'python_setup_py'
[1.379s] Level 1:colcon.colcon_core.package_identification:_identify(src) by extensions ['ignore', 'ignore_ament_install']
[1.379s] Level 1:colcon.colcon_core.package_identification:_identify(src) by extension 'ignore'
[1.379s] Level 1:colcon.colcon_core.package_identification:_identify(src) by extension 'ignore_ament_install'
[1.379s] Level 1:colcon.colcon_core.package_identification:_identify(src) by extensions ['colcon_pkg']
[1.379s] Level 1:colcon.colcon_core.package_identification:_identify(src) by extension 'colcon_pkg'
[1.379s] Level 1:colcon.colcon_core.package_identification:_identify(src) by extensions ['colcon_meta']
[1.379s] Level 1:colcon.colcon_core.package_identification:_identify(src) by extension 'colcon_meta'
[1.379s] Level 1:colcon.colcon_core.package_identification:_identify(src) by extensions ['ros']
[1.379s] Level 1:colcon.colcon_core.package_identification:_identify(src) by extension 'ros'
[1.379s] Level 1:colcon.colcon_core.package_identification:_identify(src) by extensions ['cmake', 'python']
[1.379s] Level 1:colcon.colcon_core.package_identification:_identify(src) by extension 'cmake'
[1.379s] Level 1:colcon.colcon_core.package_identification:_identify(src) by extension 'python'
[1.379s] Level 1:colcon.colcon_core.package_identification:_identify(src) by extensions ['python_setup_py']
[1.379s] Level 1:colcon.colcon_core.package_identification:_identify(src) by extension 'python_setup_py'
[1.379s] Level 1:colcon.colcon_core.package_identification:_identify(src/questions) by extensions ['ignore', 'ignore_ament_install']
[1.379s] Level 1:colcon.colcon_core.package_identification:_identify(src/questions) by extension 'ignore'
[1.379s] Level 1:colcon.colcon_core.package_identification:_identify(src/questions) by extension 'ignore_ament_install'
[1.379s] Level 1:colcon.colcon_core.package_identification:_identify(src/questions) by extensions ['colcon_pkg']
[1.379s] Level 1:colcon.colcon_core.package_identification:_identify(src/questions) by extension 'colcon_pkg'
[1.379s] Level 1:colcon.colcon_core.package_identification:_identify(src/questions) by extensions ['colcon_meta']
[1.379s] Level 1:colcon.colcon_core.package_identification:_identify(src/questions) by extension 'colcon_meta'
[1.379s] Level 1:colcon.colcon_core.package_identification:_identify(src/questions) by extensions ['ros']
[1.379s] Level 1:colcon.colcon_core.package_identification:_identify(src/questions) by extension 'ros'
[1.394s] DEBUG:colcon.colcon_core.package_identification:Package 'src/questions' with type 'ros.ament_python' and name 'questions'
[1.394s] Level 1:colcon.colcon_core.package_discovery:discover_packages(recursive) using defaults
[1.394s] Level 1:colcon.colcon_core.package_discovery:discover_packages(ignore) discover
[1.394s] Level 1:colcon.colcon_core.package_discovery:discover_packages(ignore) using defaults
[1.394s] Level 1:colcon.colcon_core.package_discovery:discover_packages(path) discover
[1.394s] Level 1:colcon.colcon_core.package_discovery:discover_packages(path) using defaults
[1.510s] Level 1:colcon.colcon_core.package_discovery:discover_packages(prefix_path) check parameters
[1.510s] Level 1:colcon.colcon_core.package_discovery:discover_packages(prefix_path) discover
[1.522s] DEBUG:colcon.colcon_installed_package_information.package_discovery:Found 393 installed packages in /opt/ros/humble
[1.524s] Level 1:colcon.colcon_core.package_discovery:discover_packages(prefix_path) using defaults
[1.592s] Level 5:colcon.colcon_core.verb:set package 'questions' build argument 'cmake_args' from command line to 'None'
[1.592s] Level 5:colcon.colcon_core.verb:set package 'questions' build argument 'cmake_target' from command line to 'None'
[1.592s] Level 5:colcon.colcon_core.verb:set package 'questions' build argument 'cmake_target_skip_unavailable' from command line to 'False'
[1.592s] Level 5:colcon.colcon_core.verb:set package 'questions' build argument 'cmake_clean_cache' from command line to 'False'
[1.592s] Level 5:colcon.colcon_core.verb:set package 'questions' build argument 'cmake_clean_first' from command line to 'False'
[1.592s] Level 5:colcon.colcon_core.verb:set package 'questions' build argument 'cmake_force_configure' from command line to 'False'
[1.592s] Level 5:colcon.colcon_core.verb:set package 'questions' build argument 'ament_cmake_args' from command line to 'None'
[1.592s] Level 5:colcon.colcon_core.verb:set package 'questions' build argument 'catkin_cmake_args' from command line to 'None'
[1.592s] Level 5:colcon.colcon_core.verb:set package 'questions' build argument 'catkin_skip_building_tests' from command line to 'False'
[1.592s] DEBUG:colcon.colcon_core.verb:Building package 'questions' with the following arguments: {'ament_cmake_args': None, 'build_base': '/home/riasathasan/Recruitment-task/build/questions', 'catkin_cmake_args': None, 'catkin_skip_building_tests': False, 'cmake_args': None, 'cmake_clean_cache': False, 'cmake_clean_first': False, 'cmake_force_configure': False, 'cmake_target': None, 'cmake_target_skip_unavailable': False, 'install_base': '/home/riasathasan/Recruitment-task/install/questions', 'merge_install': False, 'path': '/home/riasathasan/Recruitment-task/src/questions', 'symlink_install': True, 'test_result_base': None}
[1.592s] INFO:colcon.colcon_core.executor:Executing jobs using 'parallel' executor
[1.594s] DEBUG:colcon.colcon_parallel_executor.executor.parallel:run_until_complete
[1.595s] INFO:colcon.colcon_ros.task.ament_python.build:Building ROS package in '/home/riasathasan/Recruitment-task/src/questions' with build type 'ament_python'
[1.596s] Level 1:colcon.colcon_core.shell:create_environment_hook('questions', 'ament_prefix_path')
[1.605s] INFO:colcon.colcon_core.plugin_system:Skipping extension 'colcon_core.shell.bat': Not used on non-Windows systems
[1.605s] INFO:colcon.colcon_core.shell:Creating environment hook '/home/riasathasan/Recruitment-task/install/questions/share/questions/hook/ament_prefix_path.ps1'
[1.608s] INFO:colcon.colcon_core.shell:Creating environment descriptor '/home/riasathasan/Recruitment-task/install/questions/share/questions/hook/ament_prefix_path.dsv'
[1.610s] INFO:colcon.colcon_core.shell:Creating environment hook '/home/riasathasan/Recruitment-task/install/questions/share/questions/hook/ament_prefix_path.sh'
[1.612s] INFO:colcon.colcon_core.shell:Skip shell extension 'powershell' for command environment: Not usable outside of PowerShell
[1.612s] DEBUG:colcon.colcon_core.shell:Skip shell extension 'dsv' for command environment
[1.959s] INFO:colcon.colcon_core.task.python.build:Building Python package in '/home/riasathasan/Recruitment-task/src/questions'
[1.959s] INFO:colcon.colcon_core.shell:Skip shell extension 'powershell' for command environment: Not usable outside of PowerShell
[1.959s] DEBUG:colcon.colcon_core.shell:Skip shell extension 'dsv' for command environment
[2.868s] DEBUG:colcon.colcon_core.task.python.build:Available setuptools commands: install, build_clib, alias, bdist_wheel, extract_messages, check, upload_docs, sdist, rotate, clean, build_py, init_catalog, easy_install, saveopts, build_scripts, dist_info, setopt, install_lib, upload, test, symlink_data, register, install_data, compile_catalog, build_ext, install_egg_info, egg_info, install_scripts, bdist_rpm, install_headers, bdist_dumb, develop, build, bdist, bdist_egg, update_catalog
[3.304s] DEBUG:colcon.colcon_core.task.python.build:Available setuptools 'develop' options: --find-links, --local-snapshots-ok, --no-find-links, --prefix, --quiet, --script-dir, --editable, --allow-hosts, --multi-version, --user, --egg-path, --build-directory, --version, --upgrade, --exclude-scripts, --optimize, --always-unzip, --site-dirs, --no-user-cfg, --uninstall, --record, --no-deps, --index-url, --zip-ok, --install-dir, --install-layout, --always-copy, --dry-run, --force-installation-into-system-dir, --verbose, --help
[3.307s] DEBUG:colcon.colcon_core.event_handler.log_command:Invoking command in '/home/riasathasan/Recruitment-task/build/questions': PYTHONPATH=/home/riasathasan/Recruitment-task/build/questions/prefix_override:/usr/lib/python3/dist-packages/colcon_core/task/python/colcon_distutils_commands:/home/riasathasan/Recruitment-task/install/questions/lib/python3.10/site-packages:${PYTHONPATH} /usr/bin/python3 -W ignore:setup.py install is deprecated -W ignore:easy_install command is deprecated setup.py develop --editable --build-directory /home/riasathasan/Recruitment-task/build/questions/build --no-deps symlink_data
[3.993s] Level 1:colcon.colcon_core.shell:create_environment_hook('questions', 'pythonpath_develop')
[3.994s] INFO:colcon.colcon_core.shell:Creating environment hook '/home/riasathasan/Recruitment-task/build/questions/share/questions/hook/pythonpath_develop.ps1'
[3.995s] DEBUG:colcon.colcon_core.event_handler.log_command:Invoked command in '/home/riasathasan/Recruitment-task/build/questions' returned '0': PYTHONPATH=/home/riasathasan/Recruitment-task/build/questions/prefix_override:/usr/lib/python3/dist-packages/colcon_core/task/python/colcon_distutils_commands:/home/riasathasan/Recruitment-task/install/questions/lib/python3.10/site-packages:${PYTHONPATH} /usr/bin/python3 -W ignore:setup.py install is deprecated -W ignore:easy_install command is deprecated setup.py develop --editable --build-directory /home/riasathasan/Recruitment-task/build/questions/build --no-deps symlink_data
[3.996s] INFO:colcon.colcon_core.shell:Creating environment descriptor '/home/riasathasan/Recruitment-task/build/questions/share/questions/hook/pythonpath_develop.dsv'
[3.996s] INFO:colcon.colcon_core.shell:Creating environment hook '/home/riasathasan/Recruitment-task/build/questions/share/questions/hook/pythonpath_develop.sh'
[4.010s] Level 1:colcon.colcon_core.environment:checking '/home/riasathasan/Recruitment-task/install/questions' for CMake module files
[4.010s] Level 1:colcon.colcon_core.environment:checking '/home/riasathasan/Recruitment-task/install/questions' for CMake config files
[4.011s] Level 1:colcon.colcon_core.environment:checking '/home/riasathasan/Recruitment-task/install/questions/lib'
[4.011s] Level 1:colcon.colcon_core.environment:checking '/home/riasathasan/Recruitment-task/install/questions/bin'
[4.011s] Level 1:colcon.colcon_core.environment:checking '/home/riasathasan/Recruitment-task/install/questions/lib/pkgconfig/questions.pc'
[4.012s] Level 1:colcon.colcon_core.environment:checking '/home/riasathasan/Recruitment-task/install/questions/lib/python3.10/site-packages'
[4.012s] Level 1:colcon.colcon_core.shell:create_environment_hook('questions', 'pythonpath')
[4.012s] INFO:colcon.colcon_core.shell:Creating environment hook '/home/riasathasan/Recruitment-task/install/questions/share/questions/hook/pythonpath.ps1'
[4.013s] INFO:colcon.colcon_core.shell:Creating environment descriptor '/home/riasathasan/Recruitment-task/install/questions/share/questions/hook/pythonpath.dsv'
[4.013s] INFO:colcon.colcon_core.shell:Creating environment hook '/home/riasathasan/Recruitment-task/install/questions/share/questions/hook/pythonpath.sh'
[4.014s] Level 1:colcon.colcon_core.environment:checking '/home/riasathasan/Recruitment-task/install/questions/bin'
[4.014s] Level 1:colcon.colcon_core.environment:create_environment_scripts_only(questions)
[4.014s] INFO:colcon.colcon_core.shell:Creating package script '/home/riasathasan/Recruitment-task/install/questions/share/questions/package.ps1'
[4.017s] INFO:colcon.colcon_core.shell:Creating package descriptor '/home/riasathasan/Recruitment-task/install/questions/share/questions/package.dsv'
[4.021s] INFO:colcon.colcon_core.shell:Creating package script '/home/riasathasan/Recruitment-task/install/questions/share/questions/package.sh'
[4.022s] INFO:colcon.colcon_core.shell:Creating package script '/home/riasathasan/Recruitment-task/install/questions/share/questions/package.bash'
[4.024s] INFO:colcon.colcon_core.shell:Creating package script '/home/riasathasan/Recruitment-task/install/questions/share/questions/package.zsh'
[4.025s] Level 1:colcon.colcon_core.environment:create_file_with_runtime_dependencies(/home/riasathasan/Recruitment-task/install/questions/share/colcon-core/packages/questions)
[4.026s] DEBUG:colcon.colcon_parallel_executor.executor.parallel:closing loop
[4.026s] DEBUG:colcon.colcon_parallel_executor.executor.parallel:loop closed
[4.026s] DEBUG:colcon.colcon_parallel_executor.executor.parallel:run_until_complete finished with '0'
[4.027s] DEBUG:colcon.colcon_core.event_reactor:joining thread
[4.132s] INFO:colcon.colcon_core.plugin_system:Skipping extension 'colcon_notification.desktop_notification.notify_send': Could not find 'notify-send'
[4.132s] INFO:colcon.colcon_core.plugin_system:Skipping extension 'colcon_notification.desktop_notification.terminal_notifier': Not used on non-Darwin systems
[4.132s] INFO:colcon.colcon_core.plugin_system:Skipping extension 'colcon_notification.desktop_notification.win32': Not used on non-Windows systems
[4.132s] INFO:colcon.colcon_notification.desktop_notification:Sending desktop notification using 'notify2'
[4.192s] DEBUG:colcon.colcon_notification.desktop_notification.notify2:Failed to initialize notify2: org.freedesktop.DBus.Error.ServiceUnknown: The name org.freedesktop.Notifications was not provided by any .service files
[4.193s] DEBUG:colcon.colcon_core.event_reactor:joined thread
[4.193s] INFO:colcon.colcon_core.shell:Creating prefix script '/home/riasathasan/Recruitment-task/install/local_setup.ps1'
[4.196s] INFO:colcon.colcon_core.shell:Creating prefix util module '/home/riasathasan/Recruitment-task/install/_local_setup_util_ps1.py'
[4.207s] INFO:colcon.colcon_core.shell:Creating prefix chain script '/home/riasathasan/Recruitment-task/install/setup.ps1'
[4.210s] INFO:colcon.colcon_core.shell:Creating prefix script '/home/riasathasan/Recruitment-task/install/local_setup.sh'
[4.211s] INFO:colcon.colcon_core.shell:Creating prefix util module '/home/riasathasan/Recruitment-task/install/_local_setup_util_sh.py'
[4.212s] INFO:colcon.colcon_core.shell:Creating prefix chain script '/home/riasathasan/Recruitment-task/install/setup.sh'
[4.214s] INFO:colcon.colcon_core.shell:Creating prefix script '/home/riasathasan/Recruitment-task/install/local_setup.bash'
[4.215s] INFO:colcon.colcon_core.shell:Creating prefix chain script '/home/riasathasan/Recruitment-task/install/setup.bash'
[4.216s] INFO:colcon.colcon_core.shell:Creating prefix script '/home/riasathasan/Recruitment-task/install/local_setup.zsh'
[4.218s] INFO:colcon.colcon_core.shell:Creating prefix chain script '/home/riasathasan/Recruitment-task/install/setup.zsh'
